// Jest Snapshot v1, https://goo.gl/fbAQLP

exports[`Visualization specification renders empty div 1`] = `
<div
  id="visualization"
>
  Â 
</div>
`;
