// Jest Snapshot v1, https://goo.gl/fbAQLP

exports[`InListVisualization rendering specification renders empty div 1`] = `
<div
  className="visible"
/>
`;
