// Jest Snapshot v1, https://goo.gl/fbAQLP

exports[`Visualization rendering specification renders empty div 1`] = `
<div
  className="hidden"
>
  Â 
</div>
`;
